INFO:     Will watch for changes in these directories: ['/Users/elliedeaner/Downloads/ev-routing-project']
INFO:     Uvicorn running on http://127.0.0.1:3001 (Press CTRL+C to quit)
INFO:     Started reloader process [32515] using WatchFiles
INFO:     Started server process [32518]
INFO:     Waiting for application startup.
INFO:     Application startup complete.
INFO:     127.0.0.1:56504 - "OPTIONS /api/v1/route HTTP/1.1" 200 OK
INFO:     127.0.0.1:56504 - "POST /api/v1/route HTTP/1.1" 200 OK
INFO:     127.0.0.1:56504 - "POST /api/v1/route HTTP/1.1" 200 OK
INFO:     127.0.0.1:56506 - "POST /api/v1/route HTTP/1.1" 200 OK
INFO:     127.0.0.1:56560 - "POST /api/v1/route HTTP/1.1" 200 OK
INFO:     127.0.0.1:56574 - "POST /api/v1/route HTTP/1.1" 200 OK
INFO:     127.0.0.1:56574 - "POST /api/v1/route HTTP/1.1" 200 OK
INFO:     127.0.0.1:56574 - "POST /api/v1/route HTTP/1.1" 200 OK
INFO:     127.0.0.1:56627 - "POST /api/v1/route HTTP/1.1" 200 OK
WARNING:  WatchFiles detected changes in 'backend/cli_shim.py'. Reloading...
INFO:     Shutting down
INFO:     Waiting for application shutdown.
INFO:     Application shutdown complete.
INFO:     Finished server process [32518]
ERROR:    Error loading ASGI app. Attribute "app" not found in module "backend.cli_shim".
WARNING:  WatchFiles detected changes in 'backend/cli_shim.py'. Reloading...
ERROR:    Error loading ASGI app. Attribute "app" not found in module "backend.cli_shim".
WARNING:  WatchFiles detected changes in 'backend/api.py'. Reloading...
Fatal Python error: init_sys_streams: can't initialize sys standard streams
Python runtime state: core initialized
OSError: [Errno 9] Bad file descriptor

Current thread 0x00000001ecbf0840 (most recent call first):
  <no Python frame>
WARNING:  WatchFiles detected changes in 'backend/api.py'. Reloading...
Fatal Python error: init_sys_streams: can't initialize sys standard streams
Python runtime state: core initialized
OSError: [Errno 9] Bad file descriptor

Current thread 0x00000001ecbf0840 (most recent call first):
  <no Python frame>
WARNING:  WatchFiles detected changes in 'src/routing/api_logic.py'. Reloading...
Fatal Python error: init_sys_streams: can't initialize sys standard streams
Python runtime state: core initialized
OSError: [Errno 9] Bad file descriptor

Current thread 0x00000001ecbf0840 (most recent call first):
  <no Python frame>
WARNING:  WatchFiles detected changes in 'src/routing/api_logic.py'. Reloading...
Fatal Python error: init_sys_streams: can't initialize sys standard streams
Python runtime state: core initialized
OSError: [Errno 9] Bad file descriptor

Current thread 0x00000001ecbf0840 (most recent call first):
  <no Python frame>
WARNING:  WatchFiles detected changes in 'src/routing/api_logic.py'. Reloading...
Fatal Python error: init_sys_streams: can't initialize sys standard streams
Python runtime state: core initialized
OSError: [Errno 9] Bad file descriptor

Current thread 0x00000001ecbf0840 (most recent call first):
  <no Python frame>
WARNING:  WatchFiles detected changes in 'src/routing/api_logic.py'. Reloading...
Fatal Python error: init_sys_streams: can't initialize sys standard streams
Python runtime state: core initialized
OSError: [Errno 9] Bad file descriptor

Current thread 0x00000001ecbf0840 (most recent call first):
  <no Python frame>
WARNING:  WatchFiles detected changes in 'src/routing/find_meal_based_chargers.py'. Reloading...
Fatal Python error: init_sys_streams: can't initialize sys standard streams
Python runtime state: core initialized
OSError: [Errno 9] Bad file descriptor

Current thread 0x00000001ecbf0840 (most recent call first):
  <no Python frame>
WARNING:  WatchFiles detected changes in 'src/routing/find_meal_based_chargers.py'. Reloading...
Fatal Python error: init_sys_streams: can't initialize sys standard streams
Python runtime state: core initialized
OSError: [Errno 9] Bad file descriptor

Current thread 0x00000001ecbf0840 (most recent call first):
  <no Python frame>
WARNING:  WatchFiles detected changes in 'src/routing/api_logic.py'. Reloading...
Fatal Python error: init_sys_streams: can't initialize sys standard streams
Python runtime state: core initialized
OSError: [Errno 9] Bad file descriptor

Current thread 0x00000001ecbf0840 (most recent call first):
  <no Python frame>
WARNING:  WatchFiles detected changes in 'src/routing/find_meal_based_chargers.py', 'src/routing/api_logic.py'. Reloading...
Fatal Python error: init_sys_streams: can't initialize sys standard streams
Python runtime state: core initialized
OSError: [Errno 9] Bad file descriptor

Current thread 0x00000001ecbf0840 (most recent call first):
  <no Python frame>
WARNING:  WatchFiles detected changes in 'src/routing/find_meal_based_chargers.py'. Reloading...
Fatal Python error: init_sys_streams: can't initialize sys standard streams
Python runtime state: core initialized
OSError: [Errno 9] Bad file descriptor

Current thread 0x00000001ecbf0840 (most recent call first):
  <no Python frame>
WARNING:  WatchFiles detected changes in 'src/routing/find_meal_based_chargers.py'. Reloading...
Fatal Python error: init_sys_streams: can't initialize sys standard streams
Python runtime state: core initialized
OSError: [Errno 9] Bad file descriptor

Current thread 0x00000001ecbf0840 (most recent call first):
  <no Python frame>
WARNING:  WatchFiles detected changes in 'src/routing/find_meal_based_chargers.py'. Reloading...
Fatal Python error: init_sys_streams: can't initialize sys standard streams
Python runtime state: core initialized
OSError: [Errno 9] Bad file descriptor

Current thread 0x00000001ecbf0840 (most recent call first):
  <no Python frame>
WARNING:  WatchFiles detected changes in 'src/routing/find_meal_based_chargers.py'. Reloading...
Fatal Python error: init_sys_streams: can't initialize sys standard streams
Python runtime state: core initialized
OSError: [Errno 9] Bad file descriptor

Current thread 0x00000001ecbf0840 (most recent call first):
  <no Python frame>
WARNING:  WatchFiles detected changes in 'src/routing/find_meal_based_chargers.py'. Reloading...
Fatal Python error: init_sys_streams: can't initialize sys standard streams
Python runtime state: core initialized
OSError: [Errno 9] Bad file descriptor

Current thread 0x00000001ecbf0840 (most recent call first):
  <no Python frame>
WARNING:  WatchFiles detected changes in 'src/routing/find_meal_based_chargers.py'. Reloading...
Fatal Python error: init_sys_streams: can't initialize sys standard streams
Python runtime state: core initialized
OSError: [Errno 9] Bad file descriptor

Current thread 0x00000001ecbf0840 (most recent call first):
  <no Python frame>
WARNING:  WatchFiles detected changes in 'src/routing/find_meal_based_chargers.py'. Reloading...
Fatal Python error: init_sys_streams: can't initialize sys standard streams
Python runtime state: core initialized
OSError: [Errno 9] Bad file descriptor

Current thread 0x00000001ecbf0840 (most recent call first):
  <no Python frame>
WARNING:  WatchFiles detected changes in 'src/routing/find_meal_based_chargers.py'. Reloading...
Fatal Python error: init_sys_streams: can't initialize sys standard streams
Python runtime state: core initialized
OSError: [Errno 9] Bad file descriptor

Current thread 0x00000001ecbf0840 (most recent call first):
  <no Python frame>
WARNING:  WatchFiles detected changes in 'src/routing/find_meal_based_chargers.py'. Reloading...
Fatal Python error: init_sys_streams: can't initialize sys standard streams
Python runtime state: core initialized
OSError: [Errno 9] Bad file descriptor

Current thread 0x00000001ecbf0840 (most recent call first):
  <no Python frame>
WARNING:  WatchFiles detected changes in 'src/routing/find_meal_based_chargers.py'. Reloading...
Fatal Python error: init_sys_streams: can't initialize sys standard streams
Python runtime state: core initialized
OSError: [Errno 9] Bad file descriptor

Current thread 0x00000001ecbf0840 (most recent call first):
  <no Python frame>
WARNING:  WatchFiles detected changes in 'src/routing/api_logic.py'. Reloading...
Fatal Python error: init_sys_streams: can't initialize sys standard streams
Python runtime state: core initialized
OSError: [Errno 9] Bad file descriptor

Current thread 0x00000001ecbf0840 (most recent call first):
  <no Python frame>
WARNING:  WatchFiles detected changes in 'src/routing/api_logic.py'. Reloading...
Fatal Python error: init_sys_streams: can't initialize sys standard streams
Python runtime state: core initialized
OSError: [Errno 9] Bad file descriptor

Current thread 0x00000001ecbf0840 (most recent call first):
  <no Python frame>
WARNING:  WatchFiles detected changes in 'src/routing/api_logic.py'. Reloading...
Fatal Python error: init_sys_streams: can't initialize sys standard streams
Python runtime state: core initialized
OSError: [Errno 9] Bad file descriptor

Current thread 0x00000001ecbf0840 (most recent call first):
  <no Python frame>
WARNING:  WatchFiles detected changes in 'src/routing/api_logic.py'. Reloading...
Fatal Python error: init_sys_streams: can't initialize sys standard streams
Python runtime state: core initialized
OSError: [Errno 9] Bad file descriptor

Current thread 0x00000001ecbf0840 (most recent call first):
  <no Python frame>
WARNING:  WatchFiles detected changes in 'src/routing/api_logic.py'. Reloading...
Fatal Python error: init_sys_streams: can't initialize sys standard streams
Python runtime state: core initialized
OSError: [Errno 9] Bad file descriptor

Current thread 0x00000001ecbf0840 (most recent call first):
  <no Python frame>
WARNING:  WatchFiles detected changes in 'src/routing/api_logic.py'. Reloading...
Fatal Python error: init_sys_streams: can't initialize sys standard streams
Python runtime state: core initialized
OSError: [Errno 9] Bad file descriptor

Current thread 0x00000001ecbf0840 (most recent call first):
  <no Python frame>
WARNING:  WatchFiles detected changes in 'src/routing/api_logic.py'. Reloading...
Fatal Python error: init_sys_streams: can't initialize sys standard streams
Python runtime state: core initialized
OSError: [Errno 9] Bad file descriptor

Current thread 0x00000001ecbf0840 (most recent call first):
  <no Python frame>
WARNING:  WatchFiles detected changes in 'src/routing/api_logic.py'. Reloading...
Fatal Python error: init_sys_streams: can't initialize sys standard streams
Python runtime state: core initialized
OSError: [Errno 9] Bad file descriptor

Current thread 0x00000001ecbf0840 (most recent call first):
  <no Python frame>
WARNING:  WatchFiles detected changes in 'src/routing/api_logic.py'. Reloading...
Fatal Python error: init_sys_streams: can't initialize sys standard streams
Python runtime state: core initialized
OSError: [Errno 9] Bad file descriptor

Current thread 0x00000001ecbf0840 (most recent call first):
  <no Python frame>
INFO:     Stopping reloader process [32515]
