Training run started at 2026-03-17T16:53:46.489153
Writing log to /Users/elliedeaner/Downloads/ev-routing-project/backend/energy-consumption/output_files/training_20260317_165346.log
[LightGBM] [Warning] There are no meaningful features which satisfy the provided configuration. Decreasing Dataset parameters min_data_in_bin or min_data_in_leaf and re-constructing Dataset might resolve this warning.
[LightGBM] [Info] Total Bins 0
[LightGBM] [Info] Number of data points in the train set: 16, number of used features: 0
[LightGBM] [Info] Start training from score 101.644737
[LightGBM] [Warning] Stopped training because there are no more leaves that meet the split requirements
[LightGBM] [Warning] Stopped training because there are no more leaves that meet the split requirements
[LightGBM] [Warning] Stopped training because there are no more leaves that meet the split requirements
[LightGBM] [Warning] Stopped training because there are no more leaves that meet the split requirements
[LightGBM] [Warning] Stopped training because there are no more leaves that meet the split requirements
[LightGBM] [Warning] Stopped training because there are no more leaves that meet the split requirements
[LightGBM] [Warning] Stopped training because there are no more leaves that meet the split requirements
[LightGBM] [Warning] Stopped training because there are no more leaves that meet the split requirements
[LightGBM] [Warning] Stopped training because there are no more leaves that meet the split requirements
[LightGBM] [Warning] Stopped training because there are no more leaves that meet the split requirements
[LightGBM] [Warning] Stopped training because there are no more leaves that meet the split requirements
[LightGBM] [Warning] Stopped training because there are no more leaves that meet the split requirements
[LightGBM] [Warning] Stopped training because there are no more leaves that meet the split requirements
[LightGBM] [Warning] Stopped training because there are no more leaves that meet the split requirements
[LightGBM] [Warning] Stopped training because there are no more leaves that meet the split requirements
[LightGBM] [Warning] Stopped training because there are no more leaves that meet the split requirements
[LightGBM] [Warning] Stopped training because there are no more leaves that meet the split requirements
[LightGBM] [Warning] Stopped training because there are no more leaves that meet the split requirements
[LightGBM] [Warning] Stopped training because there are no more leaves that meet the split requirements
[LightGBM] [Warning] Stopped training because there are no more leaves that meet the split requirements
[LightGBM] [Warning] Stopped training because there are no more leaves that meet the split requirements
[LightGBM] [Warning] Stopped training because there are no more leaves that meet the split requirements
[LightGBM] [Warning] Stopped training because there are no more leaves that meet the split requirements
[LightGBM] [Warning] Stopped training because there are no more leaves that meet the split requirements
[LightGBM] [Warning] Stopped training because there are no more leaves that meet the split requirements
[LightGBM] [Warning] Stopped training because there are no more leaves that meet the split requirements
[LightGBM] [Warning] Stopped training because there are no more leaves that meet the split requirements
[LightGBM] [Warning] Stopped training because there are no more leaves that meet the split requirements
[LightGBM] [Warning] Stopped training because there are no more leaves that meet the split requirements
[LightGBM] [Warning] Stopped training because there are no more leaves that meet the split requirements
[LightGBM] [Warning] Stopped training because there are no more leaves that meet the split requirements
[LightGBM] [Warning] Stopped training because there are no more leaves that meet the split requirements
[LightGBM] [Warning] Stopped training because there are no more leaves that meet the split requirements
[LightGBM] [Warning] Stopped training because there are no more leaves that meet the split requirements
[LightGBM] [Warning] Stopped training because there are no more leaves that meet the split requirements
[LightGBM] [Warning] Stopped training because there are no more leaves that meet the split requirements
[LightGBM] [Warning] Stopped training because there are no more leaves that meet the split requirements
[LightGBM] [Warning] Stopped training because there are no more leaves that meet the split requirements
[LightGBM] [Warning] Stopped training because there are no more leaves that meet the split requirements
[LightGBM] [Warning] Stopped training because there are no more leaves that meet the split requirements
[LightGBM] [Warning] Stopped training because there are no more leaves that meet the split requirements
[LightGBM] [Warning] Stopped training because there are no more leaves that meet the split requirements
[LightGBM] [Warning] Stopped training because there are no more leaves that meet the split requirements
[LightGBM] [Warning] Stopped training because there are no more leaves that meet the split requirements
[LightGBM] [Warning] Stopped training because there are no more leaves that meet the split requirements
[LightGBM] [Warning] Stopped training because there are no more leaves that meet the split requirements
[LightGBM] [Warning] Stopped training because there are no more leaves that meet the split requirements
[LightGBM] [Warning] Stopped training because there are no more leaves that meet the split requirements
[LightGBM] [Warning] Stopped training because there are no more leaves that meet the split requirements
[LightGBM] [Warning] Stopped training because there are no more leaves that meet the split requirements
[LightGBM] [Warning] Stopped training because there are no more leaves that meet the split requirements
[LightGBM] [Warning] Stopped training because there are no more leaves that meet the split requirements
[LightGBM] [Warning] Stopped training because there are no more leaves that meet the split requirements
[LightGBM] [Warning] Stopped training because there are no more leaves that meet the split requirements
[LightGBM] [Warning] Stopped training because there are no more leaves that meet the split requirements
[LightGBM] [Warning] Stopped training because there are no more leaves that meet the split requirements
[LightGBM] [Warning] Stopped training because there are no more leaves that meet the split requirements
[LightGBM] [Warning] Stopped training because there are no more leaves that meet the split requirements
[LightGBM] [Warning] Stopped training because there are no more leaves that meet the split requirements
[LightGBM] [Warning] Stopped training because there are no more leaves that meet the split requirements
[LightGBM] [Warning] Stopped training because there are no more leaves that meet the split requirements
[LightGBM] [Warning] Stopped training because there are no more leaves that meet the split requirements
[LightGBM] [Warning] Stopped training because there are no more leaves that meet the split requirements
[LightGBM] [Warning] Stopped training because there are no more leaves that meet the split requirements
[LightGBM] [Warning] Stopped training because there are no more leaves that meet the split requirements
[LightGBM] [Warning] Stopped training because there are no more leaves that meet the split requirements
[LightGBM] [Warning] Stopped training because there are no more leaves that meet the split requirements
[LightGBM] [Warning] Stopped training because there are no more leaves that meet the split requirements
[LightGBM] [Warning] Stopped training because there are no more leaves that meet the split requirements
[LightGBM] [Warning] Stopped training because there are no more leaves that meet the split requirements
[LightGBM] [Warning] Stopped training because there are no more leaves that meet the split requirements
[LightGBM] [Warning] Stopped training because there are no more leaves that meet the split requirements
[LightGBM] [Warning] Stopped training because there are no more leaves that meet the split requirements
[LightGBM] [Warning] Stopped training because there are no more leaves that meet the split requirements
[LightGBM] [Warning] Stopped training because there are no more leaves that meet the split requirements
[LightGBM] [Warning] Stopped training because there are no more leaves that meet the split requirements
[LightGBM] [Warning] Stopped training because there are no more leaves that meet the split requirements
[LightGBM] [Warning] Stopped training because there are no more leaves that meet the split requirements
[LightGBM] [Warning] Stopped training because there are no more leaves that meet the split requirements
[LightGBM] [Warning] Stopped training because there are no more leaves that meet the split requirements
[LightGBM] [Warning] Stopped training because there are no more leaves that meet the split requirements
[LightGBM] [Warning] Stopped training because there are no more leaves that meet the split requirements
[LightGBM] [Warning] Stopped training because there are no more leaves that meet the split requirements
[LightGBM] [Warning] Stopped training because there are no more leaves that meet the split requirements
[LightGBM] [Warning] Stopped training because there are no more leaves that meet the split requirements
[LightGBM] [Warning] Stopped training because there are no more leaves that meet the split requirements
[LightGBM] [Warning] Stopped training because there are no more leaves that meet the split requirements
[LightGBM] [Warning] Stopped training because there are no more leaves that meet the split requirements
[LightGBM] [Warning] Stopped training because there are no more leaves that meet the split requirements
[LightGBM] [Warning] Stopped training because there are no more leaves that meet the split requirements
[LightGBM] [Warning] Stopped training because there are no more leaves that meet the split requirements
[LightGBM] [Warning] Stopped training because there are no more leaves that meet the split requirements
[LightGBM] [Warning] Stopped training because there are no more leaves that meet the split requirements
[LightGBM] [Warning] Stopped training because there are no more leaves that meet the split requirements
[LightGBM] [Warning] Stopped training because there are no more leaves that meet the split requirements
[LightGBM] [Warning] Stopped training because there are no more leaves that meet the split requirements
[LightGBM] [Warning] Stopped training because there are no more leaves that meet the split requirements
[LightGBM] [Warning] Stopped training because there are no more leaves that meet the split requirements
[LightGBM] [Warning] Stopped training because there are no more leaves that meet the split requirements
[LightGBM] [Warning] Stopped training because there are no more leaves that meet the split requirements
[LightGBM] [Warning] Stopped training because there are no more leaves that meet the split requirements
[LightGBM] [Warning] Stopped training because there are no more leaves that meet the split requirements
[LightGBM] [Warning] Stopped training because there are no more leaves that meet the split requirements
[LightGBM] [Warning] Stopped training because there are no more leaves that meet the split requirements
[LightGBM] [Warning] Stopped training because there are no more leaves that meet the split requirements
[LightGBM] [Warning] Stopped training because there are no more leaves that meet the split requirements
[LightGBM] [Warning] Stopped training because there are no more leaves that meet the split requirements
[LightGBM] [Warning] Stopped training because there are no more leaves that meet the split requirements
[LightGBM] [Warning] Stopped training because there are no more leaves that meet the split requirements
[LightGBM] [Warning] Stopped training because there are no more leaves that meet the split requirements
[LightGBM] [Warning] Stopped training because there are no more leaves that meet the split requirements
[LightGBM] [Warning] Stopped training because there are no more leaves that meet the split requirements
[LightGBM] [Warning] Stopped training because there are no more leaves that meet the split requirements
[LightGBM] [Warning] Stopped training because there are no more leaves that meet the split requirements
[LightGBM] [Warning] Stopped training because there are no more leaves that meet the split requirements
[LightGBM] [Warning] Stopped training because there are no more leaves that meet the split requirements
[LightGBM] [Warning] Stopped training because there are no more leaves that meet the split requirements
[LightGBM] [Warning] Stopped training because there are no more leaves that meet the split requirements
[LightGBM] [Warning] Stopped training because there are no more leaves that meet the split requirements
[LightGBM] [Warning] Stopped training because there are no more leaves that meet the split requirements
[LightGBM] [Warning] Stopped training because there are no more leaves that meet the split requirements
[LightGBM] [Warning] Stopped training because there are no more leaves that meet the split requirements
[LightGBM] [Warning] Stopped training because there are no more leaves that meet the split requirements
[LightGBM] [Warning] Stopped training because there are no more leaves that meet the split requirements
[LightGBM] [Warning] Stopped training because there are no more leaves that meet the split requirements
[LightGBM] [Warning] Stopped training because there are no more leaves that meet the split requirements
[LightGBM] [Warning] Stopped training because there are no more leaves that meet the split requirements
[LightGBM] [Warning] Stopped training because there are no more leaves that meet the split requirements
[LightGBM] [Warning] Stopped training because there are no more leaves that meet the split requirements
[LightGBM] [Warning] Stopped training because there are no more leaves that meet the split requirements
[LightGBM] [Warning] Stopped training because there are no more leaves that meet the split requirements
[LightGBM] [Warning] Stopped training because there are no more leaves that meet the split requirements
[LightGBM] [Warning] Stopped training because there are no more leaves that meet the split requirements
[LightGBM] [Warning] Stopped training because there are no more leaves that meet the split requirements
[LightGBM] [Warning] Stopped training because there are no more leaves that meet the split requirements
[LightGBM] [Warning] Stopped training because there are no more leaves that meet the split requirements
[LightGBM] [Warning] Stopped training because there are no more leaves that meet the split requirements
[LightGBM] [Warning] Stopped training because there are no more leaves that meet the split requirements
[LightGBM] [Warning] Stopped training because there are no more leaves that meet the split requirements
[LightGBM] [Warning] Stopped training because there are no more leaves that meet the split requirements
[LightGBM] [Warning] Stopped training because there are no more leaves that meet the split requirements
[LightGBM] [Warning] Stopped training because there are no more leaves that meet the split requirements
[LightGBM] [Warning] Stopped training because there are no more leaves that meet the split requirements
[LightGBM] [Warning] Stopped training because there are no more leaves that meet the split requirements
[LightGBM] [Warning] Stopped training because there are no more leaves that meet the split requirements
[LightGBM] [Warning] Stopped training because there are no more leaves that meet the split requirements
[LightGBM] [Warning] Stopped training because there are no more leaves that meet the split requirements
[LightGBM] [Warning] Stopped training because there are no more leaves that meet the split requirements
[LightGBM] [Warning] Stopped training because there are no more leaves that meet the split requirements
[LightGBM] [Warning] Stopped training because there are no more leaves that meet the split requirements
[LightGBM] [Warning] Stopped training because there are no more leaves that meet the split requirements
[LightGBM] [Warning] Stopped training because there are no more leaves that meet the split requirements
[LightGBM] [Warning] Stopped training because there are no more leaves that meet the split requirements
[LightGBM] [Warning] Stopped training because there are no more leaves that meet the split requirements
[LightGBM] [Warning] Stopped training because there are no more leaves that meet the split requirements
[LightGBM] [Warning] Stopped training because there are no more leaves that meet the split requirements
[LightGBM] [Warning] Stopped training because there are no more leaves that meet the split requirements
[LightGBM] [Warning] Stopped training because there are no more leaves that meet the split requirements
[LightGBM] [Warning] Stopped training because there are no more leaves that meet the split requirements
[LightGBM] [Warning] Stopped training because there are no more leaves that meet the split requirements
[LightGBM] [Warning] Stopped training because there are no more leaves that meet the split requirements
[LightGBM] [Warning] Stopped training because there are no more leaves that meet the split requirements
[LightGBM] [Warning] Stopped training because there are no more leaves that meet the split requirements
[LightGBM] [Warning] Stopped training because there are no more leaves that meet the split requirements
[LightGBM] [Warning] Stopped training because there are no more leaves that meet the split requirements
[LightGBM] [Warning] Stopped training because there are no more leaves that meet the split requirements
[LightGBM] [Warning] Stopped training because there are no more leaves that meet the split requirements
[LightGBM] [Warning] Stopped training because there are no more leaves that meet the split requirements
[LightGBM] [Warning] Stopped training because there are no more leaves that meet the split requirements
[LightGBM] [Warning] Stopped training because there are no more leaves that meet the split requirements
[LightGBM] [Warning] Stopped training because there are no more leaves that meet the split requirements
[LightGBM] [Warning] Stopped training because there are no more leaves that meet the split requirements
[LightGBM] [Warning] Stopped training because there are no more leaves that meet the split requirements
[LightGBM] [Warning] Stopped training because there are no more leaves that meet the split requirements
[LightGBM] [Warning] Stopped training because there are no more leaves that meet the split requirements
[LightGBM] [Warning] Stopped training because there are no more leaves that meet the split requirements
[LightGBM] [Warning] Stopped training because there are no more leaves that meet the split requirements
[LightGBM] [Warning] Stopped training because there are no more leaves that meet the split requirements
[LightGBM] [Warning] Stopped training because there are no more leaves that meet the split requirements
[LightGBM] [Warning] Stopped training because there are no more leaves that meet the split requirements
[LightGBM] [Warning] Stopped training because there are no more leaves that meet the split requirements
[LightGBM] [Warning] Stopped training because there are no more leaves that meet the split requirements
[LightGBM] [Warning] Stopped training because there are no more leaves that meet the split requirements
[LightGBM] [Warning] Stopped training because there are no more leaves that meet the split requirements
[LightGBM] [Warning] Stopped training because there are no more leaves that meet the split requirements
[LightGBM] [Warning] Stopped training because there are no more leaves that meet the split requirements
[LightGBM] [Warning] Stopped training because there are no more leaves that meet the split requirements
[LightGBM] [Warning] Stopped training because there are no more leaves that meet the split requirements
[LightGBM] [Warning] Stopped training because there are no more leaves that meet the split requirements
[LightGBM] [Warning] Stopped training because there are no more leaves that meet the split requirements
[LightGBM] [Warning] Stopped training because there are no more leaves that meet the split requirements
[LightGBM] [Warning] Stopped training because there are no more leaves that meet the split requirements
[LightGBM] [Warning] Stopped training because there are no more leaves that meet the split requirements
[LightGBM] [Warning] Stopped training because there are no more leaves that meet the split requirements
[LightGBM] [Warning] Stopped training because there are no more leaves that meet the split requirements
[LightGBM] [Warning] Stopped training because there are no more leaves that meet the split requirements
[LightGBM] [Warning] Stopped training because there are no more leaves that meet the split requirements
[LightGBM] [Warning] Stopped training because there are no more leaves that meet the split requirements
[LightGBM] [Warning] Stopped training because there are no more leaves that meet the split requirements
[LightGBM] [Warning] Stopped training because there are no more leaves that meet the split requirements
[LightGBM] [Warning] Stopped training because there are no more leaves that meet the split requirements
[LightGBM] [Warning] Stopped training because there are no more leaves that meet the split requirements
[LightGBM] [Warning] Stopped training because there are no more leaves that meet the split requirements
[LightGBM] [Warning] Stopped training because there are no more leaves that meet the split requirements
[LightGBM] [Warning] Stopped training because there are no more leaves that meet the split requirements
[LightGBM] [Warning] Stopped training because there are no more leaves that meet the split requirements
[LightGBM] [Warning] Stopped training because there are no more leaves that meet the split requirements
[LightGBM] [Warning] Stopped training because there are no more leaves that meet the split requirements
[LightGBM] [Warning] Stopped training because there are no more leaves that meet the split requirements
[LightGBM] [Warning] Stopped training because there are no more leaves that meet the split requirements
[LightGBM] [Warning] Stopped training because there are no more leaves that meet the split requirements
[LightGBM] [Warning] Stopped training because there are no more leaves that meet the split requirements
[LightGBM] [Warning] Stopped training because there are no more leaves that meet the split requirements
[LightGBM] [Warning] Stopped training because there are no more leaves that meet the split requirements
[LightGBM] [Warning] Stopped training because there are no more leaves that meet the split requirements
[LightGBM] [Warning] Stopped training because there are no more leaves that meet the split requirements
[LightGBM] [Warning] Stopped training because there are no more leaves that meet the split requirements
[LightGBM] [Warning] Stopped training because there are no more leaves that meet the split requirements
[LightGBM] [Warning] Stopped training because there are no more leaves that meet the split requirements
[LightGBM] [Warning] Stopped training because there are no more leaves that meet the split requirements
[LightGBM] [Warning] Stopped training because there are no more leaves that meet the split requirements
[LightGBM] [Warning] Stopped training because there are no more leaves that meet the split requirements
[LightGBM] [Warning] Stopped training because there are no more leaves that meet the split requirements
[LightGBM] [Warning] Stopped training because there are no more leaves that meet the split requirements
[LightGBM] [Warning] Stopped training because there are no more leaves that meet the split requirements
[LightGBM] [Warning] Stopped training because there are no more leaves that meet the split requirements
[LightGBM] [Warning] Stopped training because there are no more leaves that meet the split requirements
[LightGBM] [Warning] Stopped training because there are no more leaves that meet the split requirements
[LightGBM] [Warning] Stopped training because there are no more leaves that meet the split requirements
[LightGBM] [Warning] Stopped training because there are no more leaves that meet the split requirements
[LightGBM] [Warning] Stopped training because there are no more leaves that meet the split requirements
[LightGBM] [Warning] Stopped training because there are no more leaves that meet the split requirements
[LightGBM] [Warning] Stopped training because there are no more leaves that meet the split requirements
[LightGBM] [Warning] Stopped training because there are no more leaves that meet the split requirements
[LightGBM] [Warning] Stopped training because there are no more leaves that meet the split requirements
[LightGBM] [Warning] Stopped training because there are no more leaves that meet the split requirements
[LightGBM] [Warning] Stopped training because there are no more leaves that meet the split requirements
[LightGBM] [Warning] Stopped training because there are no more leaves that meet the split requirements
[LightGBM] [Warning] Stopped training because there are no more leaves that meet the split requirements
[LightGBM] [Warning] Stopped training because there are no more leaves that meet the split requirements
[LightGBM] [Warning] Stopped training because there are no more leaves that meet the split requirements
[LightGBM] [Warning] Stopped training because there are no more leaves that meet the split requirements
[LightGBM] [Warning] Stopped training because there are no more leaves that meet the split requirements
[LightGBM] [Warning] Stopped training because there are no more leaves that meet the split requirements
[LightGBM] [Warning] Stopped training because there are no more leaves that meet the split requirements
[LightGBM] [Warning] Stopped training because there are no more leaves that meet the split requirements
[LightGBM] [Warning] Stopped training because there are no more leaves that meet the split requirements
[LightGBM] [Warning] Stopped training because there are no more leaves that meet the split requirements
[LightGBM] [Warning] Stopped training because there are no more leaves that meet the split requirements
[LightGBM] [Warning] Stopped training because there are no more leaves that meet the split requirements
[LightGBM] [Warning] Stopped training because there are no more leaves that meet the split requirements
[LightGBM] [Warning] Stopped training because there are no more leaves that meet the split requirements
[LightGBM] [Warning] Stopped training because there are no more leaves that meet the split requirements
[LightGBM] [Warning] Stopped training because there are no more leaves that meet the split requirements
[LightGBM] [Warning] Stopped training because there are no more leaves that meet the split requirements
[LightGBM] [Warning] Stopped training because there are no more leaves that meet the split requirements
[LightGBM] [Warning] Stopped training because there are no more leaves that meet the split requirements
[LightGBM] [Warning] Stopped training because there are no more leaves that meet the split requirements
[LightGBM] [Warning] Stopped training because there are no more leaves that meet the split requirements
[LightGBM] [Warning] Stopped training because there are no more leaves that meet the split requirements
[LightGBM] [Warning] Stopped training because there are no more leaves that meet the split requirements
[LightGBM] [Warning] Stopped training because there are no more leaves that meet the split requirements
[LightGBM] [Warning] Stopped training because there are no more leaves that meet the split requirements
[LightGBM] [Warning] Stopped training because there are no more leaves that meet the split requirements
[LightGBM] [Warning] Stopped training because there are no more leaves that meet the split requirements
[LightGBM] [Warning] Stopped training because there are no more leaves that meet the split requirements
[LightGBM] [Warning] Stopped training because there are no more leaves that meet the split requirements
[LightGBM] [Warning] Stopped training because there are no more leaves that meet the split requirements
[LightGBM] [Warning] Stopped training because there are no more leaves that meet the split requirements
[LightGBM] [Warning] Stopped training because there are no more leaves that meet the split requirements
[LightGBM] [Warning] Stopped training because there are no more leaves that meet the split requirements
[LightGBM] [Warning] Stopped training because there are no more leaves that meet the split requirements
[LightGBM] [Warning] Stopped training because there are no more leaves that meet the split requirements
[LightGBM] [Warning] Stopped training because there are no more leaves that meet the split requirements
[LightGBM] [Warning] Stopped training because there are no more leaves that meet the split requirements
[LightGBM] [Warning] Stopped training because there are no more leaves that meet the split requirements
[LightGBM] [Warning] Stopped training because there are no more leaves that meet the split requirements
[LightGBM] [Warning] Stopped training because there are no more leaves that meet the split requirements
[LightGBM] [Warning] Stopped training because there are no more leaves that meet the split requirements
[LightGBM] [Warning] Stopped training because there are no more leaves that meet the split requirements
[LightGBM] [Warning] Stopped training because there are no more leaves that meet the split requirements
[LightGBM] [Warning] Stopped training because there are no more leaves that meet the split requirements
[LightGBM] [Warning] Stopped training because there are no more leaves that meet the split requirements
[LightGBM] [Warning] Stopped training because there are no more leaves that meet the split requirements
[LightGBM] [Warning] Stopped training because there are no more leaves that meet the split requirements
[LightGBM] [Warning] Stopped training because there are no more leaves that meet the split requirements
[LightGBM] [Warning] Stopped training because there are no more leaves that meet the split requirements
[LightGBM] [Warning] Stopped training because there are no more leaves that meet the split requirements
[LightGBM] [Warning] Stopped training because there are no more leaves that meet the split requirements
[LightGBM] [Warning] Stopped training because there are no more leaves that meet the split requirements
[LightGBM] [Warning] Stopped training because there are no more leaves that meet the split requirements
[LightGBM] [Warning] Stopped training because there are no more leaves that meet the split requirements
[LightGBM] [Warning] Stopped training because there are no more leaves that meet the split requirements
[LightGBM] [Warning] Stopped training because there are no more leaves that meet the split requirements
[LightGBM] [Warning] Stopped training because there are no more leaves that meet the split requirements
[LightGBM] [Warning] Stopped training because there are no more leaves that meet the split requirements
[LightGBM] [Warning] Stopped training because there are no more leaves that meet the split requirements
[LightGBM] [Warning] Stopped training because there are no more leaves that meet the split requirements
[LightGBM] [Warning] Stopped training because there are no more leaves that meet the split requirements
[LightGBM] [Warning] Stopped training because there are no more leaves that meet the split requirements
[LightGBM] [Warning] Stopped training because there are no more leaves that meet the split requirements
[LightGBM] [Warning] Stopped training because there are no more leaves that meet the split requirements
[LightGBM] [Warning] Stopped training because there are no more leaves that meet the split requirements
[LightGBM] [Warning] Stopped training because there are no more leaves that meet the split requirements
[LightGBM] [Warning] Stopped training because there are no more leaves that meet the split requirements
[LightGBM] [Warning] Stopped training because there are no more leaves that meet the split requirements
[LightGBM] [Warning] Stopped training because there are no more leaves that meet the split requirements
[LightGBM] [Warning] Stopped training because there are no more leaves that meet the split requirements
[LightGBM] [Warning] Stopped training because there are no more leaves that meet the split requirements
[LightGBM] [Warning] Stopped training because there are no more leaves that meet the split requirements
[LightGBM] [Warning] Stopped training because there are no more leaves that meet the split requirements
[LightGBM] [Warning] Stopped training because there are no more leaves that meet the split requirements
[LightGBM] [Warning] Stopped training because there are no more leaves that meet the split requirements
[LightGBM] [Warning] Stopped training because there are no more leaves that meet the split requirements
[LightGBM] [Warning] Stopped training because there are no more leaves that meet the split requirements
[LightGBM] [Warning] Stopped training because there are no more leaves that meet the split requirements
[LightGBM] [Warning] Stopped training because there are no more leaves that meet the split requirements
[LightGBM] [Warning] Stopped training because there are no more leaves that meet the split requirements
[LightGBM] [Warning] Stopped training because there are no more leaves that meet the split requirements
[LightGBM] [Warning] Stopped training because there are no more leaves that meet the split requirements
[LightGBM] [Warning] Stopped training because there are no more leaves that meet the split requirements
[LightGBM] [Warning] Stopped training because there are no more leaves that meet the split requirements
[LightGBM] [Warning] Stopped training because there are no more leaves that meet the split requirements
[LightGBM] [Warning] Stopped training because there are no more leaves that meet the split requirements
[LightGBM] [Warning] Stopped training because there are no more leaves that meet the split requirements
[LightGBM] [Warning] Stopped training because there are no more leaves that meet the split requirements
[LightGBM] [Warning] Stopped training because there are no more leaves that meet the split requirements
[LightGBM] [Warning] Stopped training because there are no more leaves that meet the split requirements
[LightGBM] [Warning] Stopped training because there are no more leaves that meet the split requirements
[LightGBM] [Warning] Stopped training because there are no more leaves that meet the split requirements
[LightGBM] [Warning] Stopped training because there are no more leaves that meet the split requirements
[LightGBM] [Warning] Stopped training because there are no more leaves that meet the split requirements
[LightGBM] [Warning] Stopped training because there are no more leaves that meet the split requirements
[LightGBM] [Warning] Stopped training because there are no more leaves that meet the split requirements
[LightGBM] [Warning] Stopped training because there are no more leaves that meet the split requirements
[LightGBM] [Warning] Stopped training because there are no more leaves that meet the split requirements
[LightGBM] [Warning] Stopped training because there are no more leaves that meet the split requirements
[LightGBM] [Warning] Stopped training because there are no more leaves that meet the split requirements
[LightGBM] [Warning] Stopped training because there are no more leaves that meet the split requirements
[LightGBM] [Warning] Stopped training because there are no more leaves that meet the split requirements
[LightGBM] [Warning] Stopped training because there are no more leaves that meet the split requirements
[LightGBM] [Warning] Stopped training because there are no more leaves that meet the split requirements
[LightGBM] [Warning] Stopped training because there are no more leaves that meet the split requirements
[LightGBM] [Warning] Stopped training because there are no more leaves that meet the split requirements
[LightGBM] [Warning] Stopped training because there are no more leaves that meet the split requirements
[LightGBM] [Warning] Stopped training because there are no more leaves that meet the split requirements
[LightGBM] [Warning] Stopped training because there are no more leaves that meet the split requirements
[LightGBM] [Warning] Stopped training because there are no more leaves that meet the split requirements
[LightGBM] [Warning] Stopped training because there are no more leaves that meet the split requirements
[LightGBM] [Warning] Stopped training because there are no more leaves that meet the split requirements
[LightGBM] [Warning] Stopped training because there are no more leaves that meet the split requirements
[LightGBM] [Warning] Stopped training because there are no more leaves that meet the split requirements
[LightGBM] [Warning] Stopped training because there are no more leaves that meet the split requirements
[LightGBM] [Warning] Stopped training because there are no more leaves that meet the split requirements
[LightGBM] [Warning] Stopped training because there are no more leaves that meet the split requirements
[LightGBM] [Warning] Stopped training because there are no more leaves that meet the split requirements
[LightGBM] [Warning] Stopped training because there are no more leaves that meet the split requirements
[LightGBM] [Warning] Stopped training because there are no more leaves that meet the split requirements
[LightGBM] [Warning] Stopped training because there are no more leaves that meet the split requirements
[LightGBM] [Warning] Stopped training because there are no more leaves that meet the split requirements
[LightGBM] [Warning] Stopped training because there are no more leaves that meet the split requirements
[LightGBM] [Warning] Stopped training because there are no more leaves that meet the split requirements
[LightGBM] [Warning] Stopped training because there are no more leaves that meet the split requirements
[LightGBM] [Warning] Stopped training because there are no more leaves that meet the split requirements
[LightGBM] [Warning] Stopped training because there are no more leaves that meet the split requirements
[LightGBM] [Warning] Stopped training because there are no more leaves that meet the split requirements
[LightGBM] [Warning] Stopped training because there are no more leaves that meet the split requirements
[LightGBM] [Warning] Stopped training because there are no more leaves that meet the split requirements
[LightGBM] [Warning] Stopped training because there are no more leaves that meet the split requirements
[LightGBM] [Warning] Stopped training because there are no more leaves that meet the split requirements
[LightGBM] [Warning] Stopped training because there are no more leaves that meet the split requirements
[LightGBM] [Warning] Stopped training because there are no more leaves that meet the split requirements
[LightGBM] [Warning] Stopped training because there are no more leaves that meet the split requirements
[LightGBM] [Warning] Stopped training because there are no more leaves that meet the split requirements
[LightGBM] [Warning] Stopped training because there are no more leaves that meet the split requirements
[LightGBM] [Warning] Stopped training because there are no more leaves that meet the split requirements
[LightGBM] [Warning] Stopped training because there are no more leaves that meet the split requirements
[LightGBM] [Warning] Stopped training because there are no more leaves that meet the split requirements
[LightGBM] [Warning] Stopped training because there are no more leaves that meet the split requirements
[LightGBM] [Warning] Stopped training because there are no more leaves that meet the split requirements
[LightGBM] [Warning] Stopped training because there are no more leaves that meet the split requirements
[LightGBM] [Warning] Stopped training because there are no more leaves that meet the split requirements
[LightGBM] [Warning] Stopped training because there are no more leaves that meet the split requirements
[LightGBM] [Warning] Stopped training because there are no more leaves that meet the split requirements
[LightGBM] [Warning] Stopped training because there are no more leaves that meet the split requirements
[LightGBM] [Warning] Stopped training because there are no more leaves that meet the split requirements
[LightGBM] [Warning] Stopped training because there are no more leaves that meet the split requirements
[LightGBM] [Warning] Stopped training because there are no more leaves that meet the split requirements
[LightGBM] [Warning] Stopped training because there are no more leaves that meet the split requirements
[LightGBM] [Warning] Stopped training because there are no more leaves that meet the split requirements
[LightGBM] [Warning] Stopped training because there are no more leaves that meet the split requirements
[LightGBM] [Warning] Stopped training because there are no more leaves that meet the split requirements
[LightGBM] [Warning] Stopped training because there are no more leaves that meet the split requirements
[LightGBM] [Warning] Stopped training because there are no more leaves that meet the split requirements
[LightGBM] [Warning] Stopped training because there are no more leaves that meet the split requirements
[LightGBM] [Warning] Stopped training because there are no more leaves that meet the split requirements
[LightGBM] [Warning] Stopped training because there are no more leaves that meet the split requirements
[LightGBM] [Warning] Stopped training because there are no more leaves that meet the split requirements
[LightGBM] [Warning] Stopped training because there are no more leaves that meet the split requirements
[LightGBM] [Warning] Stopped training because there are no more leaves that meet the split requirements
[LightGBM] [Warning] Stopped training because there are no more leaves that meet the split requirements
[LightGBM] [Warning] Stopped training because there are no more leaves that meet the split requirements
[LightGBM] [Warning] Stopped training because there are no more leaves that meet the split requirements
[LightGBM] [Warning] Stopped training because there are no more leaves that meet the split requirements
[LightGBM] [Warning] Stopped training because there are no more leaves that meet the split requirements
[LightGBM] [Warning] Stopped training because there are no more leaves that meet the split requirements
[LightGBM] [Warning] Stopped training because there are no more leaves that meet the split requirements
[LightGBM] [Warning] Stopped training because there are no more leaves that meet the split requirements
[LightGBM] [Warning] Stopped training because there are no more leaves that meet the split requirements
[LightGBM] [Warning] Stopped training because there are no more leaves that meet the split requirements
[LightGBM] [Warning] Stopped training because there are no more leaves that meet the split requirements
[LightGBM] [Warning] Stopped training because there are no more leaves that meet the split requirements
[LightGBM] [Warning] Stopped training because there are no more leaves that meet the split requirements
[LightGBM] [Warning] Stopped training because there are no more leaves that meet the split requirements
[LightGBM] [Warning] Stopped training because there are no more leaves that meet the split requirements
[LightGBM] [Warning] Stopped training because there are no more leaves that meet the split requirements
[LightGBM] [Warning] Stopped training because there are no more leaves that meet the split requirements
[LightGBM] [Warning] Stopped training because there are no more leaves that meet the split requirements
[LightGBM] [Warning] Stopped training because there are no more leaves that meet the split requirements
[LightGBM] [Warning] Stopped training because there are no more leaves that meet the split requirements
[LightGBM] [Warning] Stopped training because there are no more leaves that meet the split requirements
[LightGBM] [Warning] Stopped training because there are no more leaves that meet the split requirements
[LightGBM] [Warning] Stopped training because there are no more leaves that meet the split requirements
[LightGBM] [Warning] Stopped training because there are no more leaves that meet the split requirements
[LightGBM] [Warning] Stopped training because there are no more leaves that meet the split requirements
[LightGBM] [Warning] Stopped training because there are no more leaves that meet the split requirements
[LightGBM] [Warning] Stopped training because there are no more leaves that meet the split requirements
[LightGBM] [Warning] Stopped training because there are no more leaves that meet the split requirements
[LightGBM] [Warning] Stopped training because there are no more leaves that meet the split requirements
[LightGBM] [Warning] Stopped training because there are no more leaves that meet the split requirements
[LightGBM] [Warning] Stopped training because there are no more leaves that meet the split requirements
[LightGBM] [Warning] Stopped training because there are no more leaves that meet the split requirements
[LightGBM] [Warning] Stopped training because there are no more leaves that meet the split requirements
[LightGBM] [Warning] Stopped training because there are no more leaves that meet the split requirements
[LightGBM] [Warning] Stopped training because there are no more leaves that meet the split requirements
[LightGBM] [Warning] Stopped training because there are no more leaves that meet the split requirements
[LightGBM] [Warning] Stopped training because there are no more leaves that meet the split requirements
[LightGBM] [Warning] Stopped training because there are no more leaves that meet the split requirements
[LightGBM] [Warning] Stopped training because there are no more leaves that meet the split requirements
[LightGBM] [Warning] Stopped training because there are no more leaves that meet the split requirements
[LightGBM] [Warning] Stopped training because there are no more leaves that meet the split requirements
[LightGBM] [Warning] Stopped training because there are no more leaves that meet the split requirements
[LightGBM] [Warning] Stopped training because there are no more leaves that meet the split requirements
[LightGBM] [Warning] Stopped training because there are no more leaves that meet the split requirements
[LightGBM] [Warning] Stopped training because there are no more leaves that meet the split requirements
[LightGBM] [Warning] Stopped training because there are no more leaves that meet the split requirements
[LightGBM] [Warning] Stopped training because there are no more leaves that meet the split requirements
[LightGBM] [Warning] Stopped training because there are no more leaves that meet the split requirements
[LightGBM] [Warning] Stopped training because there are no more leaves that meet the split requirements
[LightGBM] [Warning] Stopped training because there are no more leaves that meet the split requirements
[LightGBM] [Warning] Stopped training because there are no more leaves that meet the split requirements
[LightGBM] [Warning] Stopped training because there are no more leaves that meet the split requirements
[LightGBM] [Warning] Stopped training because there are no more leaves that meet the split requirements
[LightGBM] [Warning] Stopped training because there are no more leaves that meet the split requirements
[LightGBM] [Warning] Stopped training because there are no more leaves that meet the split requirements
[LightGBM] [Warning] Stopped training because there are no more leaves that meet the split requirements
[LightGBM] [Warning] Stopped training because there are no more leaves that meet the split requirements
[LightGBM] [Warning] Stopped training because there are no more leaves that meet the split requirements
[LightGBM] [Warning] Stopped training because there are no more leaves that meet the split requirements
[LightGBM] [Warning] Stopped training because there are no more leaves that meet the split requirements
[LightGBM] [Warning] Stopped training because there are no more leaves that meet the split requirements
[LightGBM] [Warning] Stopped training because there are no more leaves that meet the split requirements
[LightGBM] [Warning] Stopped training because there are no more leaves that meet the split requirements
[LightGBM] [Warning] Stopped training because there are no more leaves that meet the split requirements
[LightGBM] [Warning] Stopped training because there are no more leaves that meet the split requirements
[LightGBM] [Warning] Stopped training because there are no more leaves that meet the split requirements
[LightGBM] [Warning] Stopped training because there are no more leaves that meet the split requirements
[LightGBM] [Warning] Stopped training because there are no more leaves that meet the split requirements
[LightGBM] [Warning] Stopped training because there are no more leaves that meet the split requirements
[LightGBM] [Warning] Stopped training because there are no more leaves that meet the split requirements
[LightGBM] [Warning] Stopped training because there are no more leaves that meet the split requirements
[LightGBM] [Warning] Stopped training because there are no more leaves that meet the split requirements
[LightGBM] [Warning] Stopped training because there are no more leaves that meet the split requirements
[LightGBM] [Warning] Stopped training because there are no more leaves that meet the split requirements
[LightGBM] [Warning] Stopped training because there are no more leaves that meet the split requirements
[LightGBM] [Warning] Stopped training because there are no more leaves that meet the split requirements
[LightGBM] [Warning] Stopped training because there are no more leaves that meet the split requirements
[LightGBM] [Warning] Stopped training because there are no more leaves that meet the split requirements
[LightGBM] [Warning] Stopped training because there are no more leaves that meet the split requirements
[LightGBM] [Warning] Stopped training because there are no more leaves that meet the split requirements
[LightGBM] [Warning] Stopped training because there are no more leaves that meet the split requirements
[LightGBM] [Warning] Stopped training because there are no more leaves that meet the split requirements
[LightGBM] [Warning] Stopped training because there are no more leaves that meet the split requirements
[LightGBM] [Warning] Stopped training because there are no more leaves that meet the split requirements
[LightGBM] [Warning] Stopped training because there are no more leaves that meet the split requirements
[LightGBM] [Warning] Stopped training because there are no more leaves that meet the split requirements
[LightGBM] [Warning] Stopped training because there are no more leaves that meet the split requirements
[LightGBM] [Warning] Stopped training because there are no more leaves that meet the split requirements
[LightGBM] [Warning] Stopped training because there are no more leaves that meet the split requirements
[LightGBM] [Warning] Stopped training because there are no more leaves that meet the split requirements
[LightGBM] [Warning] Stopped training because there are no more leaves that meet the split requirements
[LightGBM] [Warning] Stopped training because there are no more leaves that meet the split requirements
[LightGBM] [Warning] Stopped training because there are no more leaves that meet the split requirements
[LightGBM] [Warning] Stopped training because there are no more leaves that meet the split requirements
[LightGBM] [Warning] Stopped training because there are no more leaves that meet the split requirements
[LightGBM] [Warning] Stopped training because there are no more leaves that meet the split requirements
[LightGBM] [Warning] Stopped training because there are no more leaves that meet the split requirements
[LightGBM] [Warning] Stopped training because there are no more leaves that meet the split requirements
[LightGBM] [Warning] Stopped training because there are no more leaves that meet the split requirements
[LightGBM] [Warning] Stopped training because there are no more leaves that meet the split requirements
[LightGBM] [Warning] Stopped training because there are no more leaves that meet the split requirements
[LightGBM] [Warning] Stopped training because there are no more leaves that meet the split requirements
[LightGBM] [Warning] Stopped training because there are no more leaves that meet the split requirements
[LightGBM] [Warning] Stopped training because there are no more leaves that meet the split requirements
[LightGBM] [Warning] Stopped training because there are no more leaves that meet the split requirements
[LightGBM] [Warning] Stopped training because there are no more leaves that meet the split requirements
[LightGBM] [Warning] Stopped training because there are no more leaves that meet the split requirements
[LightGBM] [Warning] Stopped training because there are no more leaves that meet the split requirements
[LightGBM] [Warning] Stopped training because there are no more leaves that meet the split requirements
[LightGBM] [Warning] Stopped training because there are no more leaves that meet the split requirements
[LightGBM] [Warning] Stopped training because there are no more leaves that meet the split requirements
[LightGBM] [Warning] Stopped training because there are no more leaves that meet the split requirements
[LightGBM] [Warning] Stopped training because there are no more leaves that meet the split requirements
[LightGBM] [Warning] Stopped training because there are no more leaves that meet the split requirements
[LightGBM] [Warning] Stopped training because there are no more leaves that meet the split requirements
[LightGBM] [Warning] Stopped training because there are no more leaves that meet the split requirements
[LightGBM] [Warning] Stopped training because there are no more leaves that meet the split requirements
[LightGBM] [Warning] Stopped training because there are no more leaves that meet the split requirements
[LightGBM] [Warning] Stopped training because there are no more leaves that meet the split requirements
[LightGBM] [Warning] Stopped training because there are no more leaves that meet the split requirements
[LightGBM] [Warning] Stopped training because there are no more leaves that meet the split requirements
[LightGBM] [Warning] Stopped training because there are no more leaves that meet the split requirements
[LightGBM] [Warning] Stopped training because there are no more leaves that meet the split requirements
[LightGBM] [Warning] Stopped training because there are no more leaves that meet the split requirements
[LightGBM] [Warning] Stopped training because there are no more leaves that meet the split requirements
[LightGBM] [Warning] Stopped training because there are no more leaves that meet the split requirements
[LightGBM] [Warning] Stopped training because there are no more leaves that meet the split requirements
[LightGBM] [Warning] Stopped training because there are no more leaves that meet the split requirements
[LightGBM] [Warning] Stopped training because there are no more leaves that meet the split requirements
[LightGBM] [Warning] Stopped training because there are no more leaves that meet the split requirements
[LightGBM] [Warning] Stopped training because there are no more leaves that meet the split requirements
[LightGBM] [Warning] Stopped training because there are no more leaves that meet the split requirements
[LightGBM] [Warning] Stopped training because there are no more leaves that meet the split requirements
[LightGBM] [Warning] Stopped training because there are no more leaves that meet the split requirements
[LightGBM] [Warning] Stopped training because there are no more leaves that meet the split requirements
[LightGBM] [Warning] Stopped training because there are no more leaves that meet the split requirements
[LightGBM] [Warning] Stopped training because there are no more leaves that meet the split requirements
[LightGBM] [Warning] Stopped training because there are no more leaves that meet the split requirements
[LightGBM] [Warning] Stopped training because there are no more leaves that meet the split requirements
[LightGBM] [Warning] Stopped training because there are no more leaves that meet the split requirements
[LightGBM] [Warning] Stopped training because there are no more leaves that meet the split requirements
[LightGBM] [Warning] Stopped training because there are no more leaves that meet the split requirements
[LightGBM] [Warning] Stopped training because there are no more leaves that meet the split requirements
[LightGBM] [Warning] Stopped training because there are no more leaves that meet the split requirements
[LightGBM] [Warning] Stopped training because there are no more leaves that meet the split requirements
[LightGBM] [Warning] Stopped training because there are no more leaves that meet the split requirements
[LightGBM] [Warning] Stopped training because there are no more leaves that meet the split requirements
[LightGBM] [Warning] Stopped training because there are no more leaves that meet the split requirements
[LightGBM] [Warning] Stopped training because there are no more leaves that meet the split requirements
[LightGBM] [Warning] Stopped training because there are no more leaves that meet the split requirements
[LightGBM] [Warning] Stopped training because there are no more leaves that meet the split requirements
[LightGBM] [Warning] Stopped training because there are no more leaves that meet the split requirements
[LightGBM] [Warning] Stopped training because there are no more leaves that meet the split requirements
[LightGBM] [Warning] Stopped training because there are no more leaves that meet the split requirements
[LightGBM] [Warning] Stopped training because there are no more leaves that meet the split requirements
[LightGBM] [Warning] Stopped training because there are no more leaves that meet the split requirements
[LightGBM] [Warning] Stopped training because there are no more leaves that meet the split requirements
[LightGBM] [Warning] Stopped training because there are no more leaves that meet the split requirements
[LightGBM] [Warning] Stopped training because there are no more leaves that meet the split requirements
[LightGBM] [Warning] Stopped training because there are no more leaves that meet the split requirements
[LightGBM] [Warning] Stopped training because there are no more leaves that meet the split requirements
[LightGBM] [Warning] Stopped training because there are no more leaves that meet the split requirements
[LightGBM] [Warning] Stopped training because there are no more leaves that meet the split requirements
[LightGBM] [Warning] Stopped training because there are no more leaves that meet the split requirements
[LightGBM] [Warning] Stopped training because there are no more leaves that meet the split requirements
[LightGBM] [Warning] Stopped training because there are no more leaves that meet the split requirements
[LightGBM] [Warning] Stopped training because there are no more leaves that meet the split requirements
[LightGBM] [Warning] Stopped training because there are no more leaves that meet the split requirements
[LightGBM] [Warning] Stopped training because there are no more leaves that meet the split requirements
[LightGBM] [Warning] Stopped training because there are no more leaves that meet the split requirements
[LightGBM] [Warning] Stopped training because there are no more leaves that meet the split requirements
[LightGBM] [Warning] Stopped training because there are no more leaves that meet the split requirements
[LightGBM] [Warning] Stopped training because there are no more leaves that meet the split requirements
[LightGBM] [Warning] Stopped training because there are no more leaves that meet the split requirements
[LightGBM] [Warning] Stopped training because there are no more leaves that meet the split requirements
[LightGBM] [Warning] Stopped training because there are no more leaves that meet the split requirements
[LightGBM] [Warning] Stopped training because there are no more leaves that meet the split requirements
[LightGBM] [Warning] Stopped training because there are no more leaves that meet the split requirements
[LightGBM] [Warning] Stopped training because there are no more leaves that meet the split requirements
[LightGBM] [Warning] Stopped training because there are no more leaves that meet the split requirements
[LightGBM] [Warning] Stopped training because there are no more leaves that meet the split requirements
[LightGBM] [Warning] Stopped training because there are no more leaves that meet the split requirements
[LightGBM] [Warning] Stopped training because there are no more leaves that meet the split requirements
[LightGBM] [Warning] Stopped training because there are no more leaves that meet the split requirements
[LightGBM] [Warning] Stopped training because there are no more leaves that meet the split requirements
[LightGBM] [Warning] Stopped training because there are no more leaves that meet the split requirements
[LightGBM] [Warning] Stopped training because there are no more leaves that meet the split requirements
[LightGBM] [Warning] Stopped training because there are no more leaves that meet the split requirements
[LightGBM] [Warning] Stopped training because there are no more leaves that meet the split requirements
[LightGBM] [Warning] Stopped training because there are no more leaves that meet the split requirements
[LightGBM] [Warning] Stopped training because there are no more leaves that meet the split requirements
[LightGBM] [Warning] Stopped training because there are no more leaves that meet the split requirements
[LightGBM] [Warning] Stopped training because there are no more leaves that meet the split requirements
[LightGBM] [Warning] Stopped training because there are no more leaves that meet the split requirements
[LightGBM] [Warning] Stopped training because there are no more leaves that meet the split requirements
[LightGBM] [Warning] Stopped training because there are no more leaves that meet the split requirements
[LightGBM] [Warning] Stopped training because there are no more leaves that meet the split requirements
[LightGBM] [Warning] Stopped training because there are no more leaves that meet the split requirements
[LightGBM] [Warning] Stopped training because there are no more leaves that meet the split requirements
[LightGBM] [Warning] Stopped training because there are no more leaves that meet the split requirements
[LightGBM] [Warning] Stopped training because there are no more leaves that meet the split requirements
[LightGBM] [Warning] Stopped training because there are no more leaves that meet the split requirements
[LightGBM] [Warning] Stopped training because there are no more leaves that meet the split requirements
[LightGBM] [Warning] Stopped training because there are no more leaves that meet the split requirements
[LightGBM] [Warning] Stopped training because there are no more leaves that meet the split requirements
[LightGBM] [Warning] Stopped training because there are no more leaves that meet the split requirements
[LightGBM] [Warning] Stopped training because there are no more leaves that meet the split requirements
[LightGBM] [Warning] Stopped training because there are no more leaves that meet the split requirements
[LightGBM] [Warning] Stopped training because there are no more leaves that meet the split requirements
[LightGBM] [Warning] Stopped training because there are no more leaves that meet the split requirements
[LightGBM] [Warning] Stopped training because there are no more leaves that meet the split requirements
[LightGBM] [Warning] Stopped training because there are no more leaves that meet the split requirements
[LightGBM] [Warning] Stopped training because there are no more leaves that meet the split requirements
[LightGBM] [Warning] Stopped training because there are no more leaves that meet the split requirements
[LightGBM] [Warning] Stopped training because there are no more leaves that meet the split requirements
[LightGBM] [Warning] Stopped training because there are no more leaves that meet the split requirements
[LightGBM] [Warning] Stopped training because there are no more leaves that meet the split requirements
[LightGBM] [Warning] Stopped training because there are no more leaves that meet the split requirements
[LightGBM] [Warning] Stopped training because there are no more leaves that meet the split requirements
[LightGBM] [Warning] Stopped training because there are no more leaves that meet the split requirements
[LightGBM] [Warning] Stopped training because there are no more leaves that meet the split requirements
[LightGBM] [Warning] Stopped training because there are no more leaves that meet the split requirements
[LightGBM] [Warning] Stopped training because there are no more leaves that meet the split requirements
[LightGBM] [Warning] Stopped training because there are no more leaves that meet the split requirements
[LightGBM] [Warning] Stopped training because there are no more leaves that meet the split requirements
[LightGBM] [Warning] Stopped training because there are no more leaves that meet the split requirements
[LightGBM] [Warning] Stopped training because there are no more leaves that meet the split requirements
[LightGBM] [Warning] Stopped training because there are no more leaves that meet the split requirements
[LightGBM] [Warning] Stopped training because there are no more leaves that meet the split requirements
[LightGBM] [Warning] Stopped training because there are no more leaves that meet the split requirements
[LightGBM] [Warning] Stopped training because there are no more leaves that meet the split requirements
[LightGBM] [Warning] Stopped training because there are no more leaves that meet the split requirements
[LightGBM] [Warning] Stopped training because there are no more leaves that meet the split requirements
[LightGBM] [Warning] Stopped training because there are no more leaves that meet the split requirements
[LightGBM] [Warning] Stopped training because there are no more leaves that meet the split requirements
[LightGBM] [Warning] Stopped training because there are no more leaves that meet the split requirements
[LightGBM] [Warning] Stopped training because there are no more leaves that meet the split requirements
[LightGBM] [Warning] Stopped training because there are no more leaves that meet the split requirements
[LightGBM] [Warning] Stopped training because there are no more leaves that meet the split requirements
[LightGBM] [Warning] Stopped training because there are no more leaves that meet the split requirements
[LightGBM] [Warning] Stopped training because there are no more leaves that meet the split requirements
[LightGBM] [Warning] Stopped training because there are no more leaves that meet the split requirements
[LightGBM] [Warning] Stopped training because there are no more leaves that meet the split requirements
[LightGBM] [Warning] Stopped training because there are no more leaves that meet the split requirements
[LightGBM] [Warning] Stopped training because there are no more leaves that meet the split requirements
[LightGBM] [Warning] Stopped training because there are no more leaves that meet the split requirements
[LightGBM] [Warning] Stopped training because there are no more leaves that meet the split requirements
[LightGBM] [Warning] Stopped training because there are no more leaves that meet the split requirements
[LightGBM] [Warning] Stopped training because there are no more leaves that meet the split requirements
[LightGBM] [Warning] Stopped training because there are no more leaves that meet the split requirements
[LightGBM] [Warning] Stopped training because there are no more leaves that meet the split requirements
[LightGBM] [Warning] Stopped training because there are no more leaves that meet the split requirements
[LightGBM] [Warning] Stopped training because there are no more leaves that meet the split requirements
[LightGBM] [Warning] Stopped training because there are no more leaves that meet the split requirements
[LightGBM] [Warning] Stopped training because there are no more leaves that meet the split requirements
[LightGBM] [Warning] Stopped training because there are no more leaves that meet the split requirements
[LightGBM] [Warning] Stopped training because there are no more leaves that meet the split requirements
[LightGBM] [Warning] Stopped training because there are no more leaves that meet the split requirements
[LightGBM] [Warning] Stopped training because there are no more leaves that meet the split requirements
[LightGBM] [Warning] Stopped training because there are no more leaves that meet the split requirements
[LightGBM] [Warning] Stopped training because there are no more leaves that meet the split requirements
[LightGBM] [Warning] Stopped training because there are no more leaves that meet the split requirements
[LightGBM] [Warning] Stopped training because there are no more leaves that meet the split requirements
[LightGBM] [Warning] Stopped training because there are no more leaves that meet the split requirements
[LightGBM] [Warning] Stopped training because there are no more leaves that meet the split requirements
[LightGBM] [Warning] Stopped training because there are no more leaves that meet the split requirements
[LightGBM] [Warning] Stopped training because there are no more leaves that meet the split requirements
[LightGBM] [Warning] Stopped training because there are no more leaves that meet the split requirements
[LightGBM] [Warning] Stopped training because there are no more leaves that meet the split requirements
[LightGBM] [Warning] Stopped training because there are no more leaves that meet the split requirements
[LightGBM] [Warning] Stopped training because there are no more leaves that meet the split requirements
[LightGBM] [Warning] Stopped training because there are no more leaves that meet the split requirements
[LightGBM] [Warning] Stopped training because there are no more leaves that meet the split requirements
[LightGBM] [Warning] Stopped training because there are no more leaves that meet the split requirements
[LightGBM] [Warning] Stopped training because there are no more leaves that meet the split requirements
[LightGBM] [Warning] Stopped training because there are no more leaves that meet the split requirements
[LightGBM] [Warning] Stopped training because there are no more leaves that meet the split requirements
[LightGBM] [Warning] Stopped training because there are no more leaves that meet the split requirements
[LightGBM] [Warning] Stopped training because there are no more leaves that meet the split requirements
[LightGBM] [Warning] Stopped training because there are no more leaves that meet the split requirements
[LightGBM] [Warning] Stopped training because there are no more leaves that meet the split requirements
[LightGBM] [Warning] Stopped training because there are no more leaves that meet the split requirements
[LightGBM] [Warning] Stopped training because there are no more leaves that meet the split requirements
[LightGBM] [Warning] Stopped training because there are no more leaves that meet the split requirements
[LightGBM] [Warning] Stopped training because there are no more leaves that meet the split requirements
[LightGBM] [Warning] Stopped training because there are no more leaves that meet the split requirements
[LightGBM] [Warning] Stopped training because there are no more leaves that meet the split requirements
[LightGBM] [Warning] Stopped training because there are no more leaves that meet the split requirements
[LightGBM] [Warning] Stopped training because there are no more leaves that meet the split requirements
[LightGBM] [Warning] Stopped training because there are no more leaves that meet the split requirements
[LightGBM] [Warning] Stopped training because there are no more leaves that meet the split requirements
[LightGBM] [Warning] Stopped training because there are no more leaves that meet the split requirements
[LightGBM] [Warning] Stopped training because there are no more leaves that meet the split requirements
[LightGBM] [Warning] Stopped training because there are no more leaves that meet the split requirements
[LightGBM] [Warning] Stopped training because there are no more leaves that meet the split requirements
[LightGBM] [Warning] Stopped training because there are no more leaves that meet the split requirements
[LightGBM] [Warning] Stopped training because there are no more leaves that meet the split requirements
[LightGBM] [Warning] Stopped training because there are no more leaves that meet the split requirements
[LightGBM] [Warning] Stopped training because there are no more leaves that meet the split requirements
[LightGBM] [Warning] Stopped training because there are no more leaves that meet the split requirements
[LightGBM] [Warning] Stopped training because there are no more leaves that meet the split requirements
[LightGBM] [Warning] Stopped training because there are no more leaves that meet the split requirements
[LightGBM] [Warning] Stopped training because there are no more leaves that meet the split requirements
[LightGBM] [Warning] Stopped training because there are no more leaves that meet the split requirements
[LightGBM] [Warning] Stopped training because there are no more leaves that meet the split requirements
[LightGBM] [Warning] Stopped training because there are no more leaves that meet the split requirements
[LightGBM] [Warning] Stopped training because there are no more leaves that meet the split requirements
[LightGBM] [Warning] Stopped training because there are no more leaves that meet the split requirements
[LightGBM] [Warning] Stopped training because there are no more leaves that meet the split requirements
[LightGBM] [Warning] Stopped training because there are no more leaves that meet the split requirements
[LightGBM] [Warning] Stopped training because there are no more leaves that meet the split requirements
[LightGBM] [Warning] Stopped training because there are no more leaves that meet the split requirements
[LightGBM] [Warning] Stopped training because there are no more leaves that meet the split requirements
[LightGBM] [Warning] Stopped training because there are no more leaves that meet the split requirements
[LightGBM] [Warning] Stopped training because there are no more leaves that meet the split requirements
[LightGBM] [Warning] Stopped training because there are no more leaves that meet the split requirements
[LightGBM] [Warning] Stopped training because there are no more leaves that meet the split requirements
[LightGBM] [Warning] Stopped training because there are no more leaves that meet the split requirements
[LightGBM] [Warning] Stopped training because there are no more leaves that meet the split requirements
[LightGBM] [Warning] Stopped training because there are no more leaves that meet the split requirements
[LightGBM] [Warning] Stopped training because there are no more leaves that meet the split requirements
[LightGBM] [Warning] Stopped training because there are no more leaves that meet the split requirements
[LightGBM] [Warning] Stopped training because there are no more leaves that meet the split requirements
[LightGBM] [Warning] Stopped training because there are no more leaves that meet the split requirements
[LightGBM] [Warning] Stopped training because there are no more leaves that meet the split requirements
[LightGBM] [Warning] Stopped training because there are no more leaves that meet the split requirements
[LightGBM] [Warning] Stopped training because there are no more leaves that meet the split requirements
[LightGBM] [Warning] Stopped training because there are no more leaves that meet the split requirements
[LightGBM] [Warning] Stopped training because there are no more leaves that meet the split requirements
[LightGBM] [Warning] Stopped training because there are no more leaves that meet the split requirements
[LightGBM] [Warning] Stopped training because there are no more leaves that meet the split requirements
[LightGBM] [Warning] Stopped training because there are no more leaves that meet the split requirements
[LightGBM] [Warning] Stopped training because there are no more leaves that meet the split requirements
[LightGBM] [Warning] Stopped training because there are no more leaves that meet the split requirements
[LightGBM] [Warning] Stopped training because there are no more leaves that meet the split requirements
[LightGBM] [Warning] Stopped training because there are no more leaves that meet the split requirements
[LightGBM] [Warning] Stopped training because there are no more leaves that meet the split requirements
[LightGBM] [Warning] Stopped training because there are no more leaves that meet the split requirements
[LightGBM] [Warning] Stopped training because there are no more leaves that meet the split requirements
[LightGBM] [Warning] Stopped training because there are no more leaves that meet the split requirements
[LightGBM] [Warning] Stopped training because there are no more leaves that meet the split requirements
[LightGBM] [Warning] Stopped training because there are no more leaves that meet the split requirements
[LightGBM] [Warning] Stopped training because there are no more leaves that meet the split requirements
[LightGBM] [Warning] Stopped training because there are no more leaves that meet the split requirements
[LightGBM] [Warning] Stopped training because there are no more leaves that meet the split requirements
[LightGBM] [Warning] Stopped training because there are no more leaves that meet the split requirements
[LightGBM] [Warning] Stopped training because there are no more leaves that meet the split requirements
[LightGBM] [Warning] Stopped training because there are no more leaves that meet the split requirements
[LightGBM] [Warning] Stopped training because there are no more leaves that meet the split requirements
[LightGBM] [Warning] Stopped training because there are no more leaves that meet the split requirements
[LightGBM] [Warning] Stopped training because there are no more leaves that meet the split requirements
[LightGBM] [Warning] Stopped training because there are no more leaves that meet the split requirements
[LightGBM] [Warning] Stopped training because there are no more leaves that meet the split requirements
[LightGBM] [Warning] Stopped training because there are no more leaves that meet the split requirements
[LightGBM] [Warning] Stopped training because there are no more leaves that meet the split requirements
[LightGBM] [Warning] Stopped training because there are no more leaves that meet the split requirements
[LightGBM] [Warning] Stopped training because there are no more leaves that meet the split requirements
[LightGBM] [Warning] Stopped training because there are no more leaves that meet the split requirements
[LightGBM] [Warning] Stopped training because there are no more leaves that meet the split requirements
[LightGBM] [Warning] Stopped training because there are no more leaves that meet the split requirements
[LightGBM] [Warning] Stopped training because there are no more leaves that meet the split requirements
[LightGBM] [Warning] Stopped training because there are no more leaves that meet the split requirements
[LightGBM] [Warning] Stopped training because there are no more leaves that meet the split requirements
[LightGBM] [Warning] Stopped training because there are no more leaves that meet the split requirements
[LightGBM] [Warning] Stopped training because there are no more leaves that meet the split requirements
[LightGBM] [Warning] Stopped training because there are no more leaves that meet the split requirements
[LightGBM] [Warning] Stopped training because there are no more leaves that meet the split requirements
[LightGBM] [Warning] Stopped training because there are no more leaves that meet the split requirements
[LightGBM] [Warning] Stopped training because there are no more leaves that meet the split requirements
[LightGBM] [Warning] Stopped training because there are no more leaves that meet the split requirements
[LightGBM] [Warning] Stopped training because there are no more leaves that meet the split requirements
[LightGBM] [Warning] Stopped training because there are no more leaves that meet the split requirements
[LightGBM] [Warning] Stopped training because there are no more leaves that meet the split requirements
[LightGBM] [Warning] Stopped training because there are no more leaves that meet the split requirements
[LightGBM] [Warning] Stopped training because there are no more leaves that meet the split requirements
[LightGBM] [Warning] Stopped training because there are no more leaves that meet the split requirements
[LightGBM] [Warning] Stopped training because there are no more leaves that meet the split requirements
[LightGBM] [Warning] Stopped training because there are no more leaves that meet the split requirements
[LightGBM] [Warning] Stopped training because there are no more leaves that meet the split requirements
[LightGBM] [Warning] Stopped training because there are no more leaves that meet the split requirements
[LightGBM] [Warning] Stopped training because there are no more leaves that meet the split requirements
[LightGBM] [Warning] Stopped training because there are no more leaves that meet the split requirements
[LightGBM] [Warning] Stopped training because there are no more leaves that meet the split requirements
[LightGBM] [Warning] Stopped training because there are no more leaves that meet the split requirements
[LightGBM] [Warning] Stopped training because there are no more leaves that meet the split requirements
[LightGBM] [Warning] Stopped training because there are no more leaves that meet the split requirements
[LightGBM] [Warning] Stopped training because there are no more leaves that meet the split requirements
[LightGBM] [Warning] Stopped training because there are no more leaves that meet the split requirements
[LightGBM] [Warning] Stopped training because there are no more leaves that meet the split requirements
[LightGBM] [Warning] Stopped training because there are no more leaves that meet the split requirements
[LightGBM] [Warning] Stopped training because there are no more leaves that meet the split requirements
[LightGBM] [Warning] Stopped training because there are no more leaves that meet the split requirements
[LightGBM] [Warning] Stopped training because there are no more leaves that meet the split requirements
[LightGBM] [Warning] Stopped training because there are no more leaves that meet the split requirements
[LightGBM] [Warning] Stopped training because there are no more leaves that meet the split requirements
[LightGBM] [Warning] Stopped training because there are no more leaves that meet the split requirements
[LightGBM] [Warning] Stopped training because there are no more leaves that meet the split requirements
[LightGBM] [Warning] Stopped training because there are no more leaves that meet the split requirements
[LightGBM] [Warning] Stopped training because there are no more leaves that meet the split requirements
[LightGBM] [Warning] Stopped training because there are no more leaves that meet the split requirements
Model trained and saved to /Users/elliedeaner/Downloads/ev-routing-project/backend/energy-consumption/output_files/lgbm_ev_energy_model.pkl

Model training complete.

Prediction complete. Sample output:
   COND  trip_energy_Wh  trip_rows  trip_distance_km  wh_per_km_raw
0     1     1016.447375         10          4.736842     214.583335
1     2     1016.447375         10          4.736842     214.583335
trip_energy.csv saved to /Users/elliedeaner/Downloads/ev-routing-project/backend/energy-consumption/output_files/trip_energy.csv

Trip energy prediction sample:
    COND  trip_energy_Wh  trip_rows  trip_distance_km  wh_per_km_raw
0     1     1016.447375         10          4.736842     214.583335
1     2     1016.447375         10          4.736842     214.583335

Scaled energy sample:
    COND       Car Model  wh_per_km_raw
0   1.0       JAC iEV7s     214.583335
1   2.0       JAC iEV7s     214.583335
2   1.0         Kia EV3     209.621870
3   2.0         Kia EV3     209.621870
4   1.0  Tesla Model 3      167.449423

Energy modeling complete. Scaled results ready for routing.

Training run finished at 2026-03-17T16:53:46.586774
